LEARNING DATABASE AND LEARNED MANY COMMANDS OF ADDING, CREATING MODIFING ETC IN DATABASE


C:\>cd xampp

C:\xampp>cd mysql

C:\xampp\mysql>cd bin

C:\xampp\mysql\bin>mysql -u root
Welcome to the MariaDB monitor.  Commands end with ; or \g.
Your MariaDB connection id is 95
Server version: 10.4.32-MariaDB mariadb.org binary distribution

Copyright (c) 2000, 2018, Oracle, MariaDB Corporation Ab and others.

Type 'help;' or '\h' for help. Type '\c' to clear the current input statement.

MariaDB [(none)]> use student;
Database changed
MariaDB [student]>

MariaDB [student]> insert into details(S_id, S_name, S_age, S_fac) values(1, "Dhairya Agrawal", 16, "Science"), (2, "Sahil Agrawal", 15, "Science"), (3, "Nayan Pathak", 22, "Science");
Query OK, 3 rows affected (0.047 sec)
Records: 3  Duplicates: 0  Warnings: 0

MariaDB [student]> truncate table details;
Query OK, 0 rows affected (0.047 sec)

MariaDB [student]> drop table details;
Query OK, 0 rows affected (0.044 sec)

MariaDB [student]> drop database student;
Query OK, 0 rows affected (0.003 sec)










C:\>cd xampp

C:\xampp>cd mysql

C:\xampp\mysql>cd bin

C:\xampp\mysql\bin>mysql -u root
Welcome to the MariaDB monitor.  Commands end with ; or \g.
Your MariaDB connection id is 208
Server version: 10.4.32-MariaDB mariadb.org binary distribution

Copyright (c) 2000, 2018, Oracle, MariaDB Corporation Ab and others.

Type 'help;' or '\h' for help. Type '\c' to clear the current input statement.

MariaDB [(none)]> create database school;
Query OK, 1 row affected (0.002 sec)

MariaDB [(none)]> use school;
Database changed
MariaDB [school]> drop database school;
Query OK, 0 rows affected (0.044 sec)

MariaDB [(none)]> create database school;
Query OK, 1 row affected (0.002 sec)

MariaDB [(none)]> use school;
Database changed
MariaDB [school]> create table students;

MariaDB [school]> create table students (id integer, name varchar(25), age integer);
Query OK, 0 rows affected (0.041 sec)

MariaDB [school]> drop table students;
Query OK, 0 rows affected (0.011 sec)

MariaDB [school]> create table employee (emp_id integer, emp_name varchar(30), salary integer);
Query OK, 0 rows affected (0.050 sec)

MariaDB [school]> alter table employee add department varchar(50);
Query OK, 0 rows affected (0.037 sec)
Records: 0  Duplicates: 0  Warnings: 0

MariaDB [school]> alter table employee drop salary;
Query OK, 0 rows affected (0.045 sec)
Records: 0  Duplicates: 0  Warnings: 0

MariaDB [school]> alter table employee change emp_name employee_name varchar(30);
Query OK, 0 rows affected (0.045 sec)
Records: 0  Duplicates: 0  Warnings: 0

MariaDB [school]> alter table employee modify department integer;
Query OK, 0 rows affected (0.073 sec)
Records: 0  Duplicates: 0  Warnings: 0

MariaDB [school]> alter table employee rename staff;
Query OK, 0 rows affected (0.014 sec)






🔹 Advanced Level (DDL Based) : 

Drop the staff table completely.
Create a table products with two columns of your choice.
Add a column price to the products table.
Modify the datatype of the price column.
Delete the price column from the products table.
Rename the table products to items.
Create a table orders and rename it to customer_orders.
Rename a column in the customer_orders table.
Empty the products (or items) table.
Drop the entire database after completing all operations.



C:\>cd xampp

C:\xampp>cd mysql\bin

C:\xampp\mysql\bin>mysql -u root
Welcome to the MariaDB monitor.  Commands end with ; or \g.
Your MariaDB connection id is 8
Server version: 10.4.32-MariaDB mariadb.org binary distribution

Copyright (c) 2000, 2018, Oracle, MariaDB Corporation Ab and others.

Type 'help;' or '\h' for help. Type '\c' to clear the current input statement.

MariaDB [(none)]> use school;
Database changed
MariaDB [school]> drop table staff;
Query OK, 0 rows affected (0.041 sec)

MariaDB [school]> create table products;
ERROR 1113 (42000): A table must have at least 1 column
MariaDB [school]> create table products (quantity integer, quality varchar(50));
Query OK, 0 rows affected (0.044 sec)

MariaDB [school]> alter table products add price integer;
Query OK, 0 rows affected (0.048 sec)
Records: 0  Duplicates: 0  Warnings: 0

MariaDB [school]> alter table products modify price smallint;
Query OK, 0 rows affected (0.093 sec)
Records: 0  Duplicates: 0  Warnings: 0

MariaDB [school]> alter table products drop price;
Query OK, 0 rows affected (0.035 sec)
Records: 0  Duplicates: 0  Warnings: 0

MariaDB [school]> alter table products rename items;
Query OK, 0 rows affected (0.053 sec)

MariaDB [school]> create table orders (basic_needs varchar(50));
Query OK, 0 rows affected (0.043 sec)

MariaDB [school]> alter table orders rename to costomer_orders;
Query OK, 0 rows affected (0.036 sec)

MariaDB [school]> alter table costomer_orders change basic_needs human_needs varchar(50);
Query OK, 0 rows affected (0.010 sec)
Records: 0  Duplicates: 0  Warnings: 0

MariaDB [school]> truncate table items;
Query OK, 0 rows affected (0.040 sec)

MariaDB [school]> drop database school;
Query OK, 2 rows affected (0.022 sec)












🔹 Advanced Level (Tricky DDL-Only Questions) : 

Create a database book_hub.
Create a table library with three columns, then rename the table to books_library.
Add two new columns to the books_library table in a single command.
Rename one column in books_library and change its datatype in the same statement.
Change the datatype of a column that already exists without renaming it.
Drop multiple columns from the books_library table using separate commands.
Add a column to the table and then immediately remove it using DDL commands.
Truncate the books_library table and explain whether the table structure still exists (DDL concept question).
Rename the books_library table, then drop the renamed table.
Create a table temporary_data, truncate it, and then drop it.
Drop a database only after ensuring all tables inside it are removed.



C:\Users\LENOVO>cd /

C:\>cd xampp\mysql\bin

C:\xampp\mysql\bin>mysql -u root
Welcome to the MariaDB monitor.  Commands end with ; or \g.
Your MariaDB connection id is 65
Server version: 10.4.32-MariaDB mariadb.org binary distribution

Copyright (c) 2000, 2018, Oracle, MariaDB Corporation Ab and others.

Type 'help;' or '\h' for help. Type '\c' to clear the current input statement.

MariaDB [(none)]> create database book_hub;
Query OK, 1 row affected (0.002 sec)

MariaDB [(none)]> use book_hub;
Database changed
MariaDB [book_hub]> create table library (story_books varchar(50),rhymes_book varchar(50),gk_books varchar(50));
Query OK, 0 rows affected (0.009 sec)

MariaDB [book_hub]> alter table library rename to books_library;
Query OK, 0 rows affected (0.056 sec)

MariaDB [book_hub]> alter table books_library add exercise_books varchar(50),add note_books varchar(50);
Query OK, 0 rows affected (0.037 sec)
Records: 0  Duplicates: 0  Warnings: 0

MariaDB [book_hub]> alter table books_library change rhymes_book rhymes_books_no integer;
Query OK, 0 rows affected (0.081 sec)
Records: 0  Duplicates: 0  Warnings: 0

MariaDB [book_hub]> alter table books_library modify story_books integer;
Query OK, 0 rows affected (0.050 sec)
Records: 0  Duplicates: 0  Warnings: 0

MariaDB [book_hub]> alter table books_library drop gk_books;
Query OK, 0 rows affected (0.012 sec)
Records: 0  Duplicates: 0  Warnings: 0

MariaDB [book_hub]> alter table books_library drop rhymes_books_no;
Query OK, 0 rows affected (0.036 sec)
Records: 0  Duplicates: 0  Warnings: 0

MariaDB [book_hub]> alter table books_library add rhymes_books2 varchar(50);
Query OK, 0 rows affected (0.033 sec)
Records: 0  Duplicates: 0  Warnings: 0

MariaDB [book_hub]> alter table books_library drop rhymes_books2;
Query OK, 0 rows affected (0.037 sec)
Records: 0  Duplicates: 0  Warnings: 0

MariaDB [book_hub]> truncate table books_library;
Query OK, 0 rows affected (0.029 sec)

MariaDB [book_hub]> alter table books_library rename to books_lib2;
Query OK, 0 rows affected (0.018 sec)

MariaDB [book_hub]> drop table books_lib2;
Query OK, 0 rows affected (0.072 sec)

MariaDB [book_hub]> create table temporary_data (temp_info varchar(10));
Query OK, 0 rows affected (0.018 sec)

MariaDB [book_hub]> truncate table temporary_data;
Query OK, 0 rows affected (0.053 sec)

MariaDB [book_hub]> drop table temporary_data;
Query OK, 0 rows affected (0.014 sec)

MariaDB [book_hub]> drop database book_hub;
Query OK, 0 rows affected (0.003 sec)










// Types of datatypes

Integer Number datatype : 

INTEGER
BIG INT
SMALLINT
MEDIUMINT


point , float, decimal data type:

FLOAT - 
DECIMAL(10,5) - 


Character data type : 
VARCHAR(20) - 
TEXT
CHAR(3) : NP, US, UK


Date , time : 

DATE : 2026-01-23

TIME : 18:40:33

DATETIME :

TIMESTAMP - current date time




C:\Users\LENOVO>cd /

C:\>cd xampp\mysql\bin

C:\xampp\mysql\bin>mysql -u root

MariaDB [(none)]> create database datatype;
Query OK, 1 row affected (0.003 sec)

MariaDB [(none)]> use datatype;
Database changed

MariaDB [datatype]> create table hehe(isMarried BOOLEAN);
Query OK, 0 rows affected (0.013 sec)

MariaDB [datatype]> insert into hehe VALUES('False');
Query OK, 1 row affected, 1 warning (0.033 sec)

MariaDB [datatype]> insert into hehe VALUES('True');
Query OK, 1 row affected, 1 warning (0.024 sec)

MariaDB [datatype]> insert into hehe VALUES(True);
Query OK, 1 row affected (0.007 sec)

MariaDB [datatype]> insert into hehe VALUES(False), (True);
Query OK, 2 rows affected (0.003 sec)
Records: 2  Duplicates: 0  Warnings: 0

MariaDB [datatype]> create table enum_demo (courses ENUM('bca','bba','bbs'));
Query OK, 0 rows affected (0.057 sec)

MariaDB [datatype]> insert into enum_demo values('bba'),('bbs'),('bca');
Query OK, 3 rows affected (0.003 sec)
Records: 3  Duplicates: 0  Warnings: 0

MariaDB [datatype]> create table json_demo (setting JSON);
Query OK, 0 rows affected (0.045 sec)









C:\Users\LENOVO>cd /

C:\>cd xampp\mysql\bin

C:\xampp\mysql\bin>mysql -u root
Welcome to the MariaDB monitor.  Commands end with ; or \g.
Your MariaDB connection id is 8
Server version: 10.4.32-MariaDB mariadb.org binary distribution

Copyright (c) 2000, 2018, Oracle, MariaDB Corporation Ab and others.

Type 'help;' or '\h' for help. Type '\c' to clear the current input statement.

MariaDB [(none)]> use datatype;
Database changed
MariaDB [datatype]> show tables;
+--------------------+
| Tables_in_datatype |
+--------------------+
| enum_demo          |
| hehe               |
| json_demo          |
+--------------------+
3 rows in set (0.002 sec)

MariaDB [datatype]> create table prim_demo(id INTEGER PRIMARY KEY AUTO_INCREMENT, name VARCHAR(20), TodayDate TIMESTAMP DEFAULT CURRENT_T
    -> ;
ERROR 1064 (42000): You have an error in your SQL syntax; check the manual that corresponds to your MariaDB server version for the right syntax to use near '' at line 1
MariaDB [datatype]> create table prim_demo(id INTEGER PRIMARY KEY AUTO_INCREMENT, name VARCHAR(20), TodayDate TIMESTAMP DEFAULT CURRENT_TIMESTAMP);
Query OK, 0 rows affected (0.043 sec)

MariaDB [datatype]> INSERT INTO prim_demo VALUES("Nayan Pathak");
ERROR 1136 (21S01): Column count doesn't match value count at row 1
MariaDB [datatype]> INSERT INTO prim_demo(name) VALUES("Nayan Pathak");
Query OK, 1 row affected (0.042 sec)

MariaDB [datatype]> INSERT INTO prim_demo(name) ("Sahil G");
ERROR 1064 (42000): You have an error in your SQL syntax; check the manual that corresponds to your MariaDB server version for the right syntax to use near '"Sahil G")' at line 1
MariaDB [datatype]> INSERT INTO prim_demo(name) VALUES("Sahil G");
Query OK, 1 row affected (0.039 sec)

MariaDB [datatype]> INSERT INTO prim_demo(name) VALUES("Dhairya G");
Query OK, 1 row affected (0.039 sec)

MariaDB [datatype]> INSERT INTO prim_demo(id, name) VALUES(99, "Dhairya G");
Query OK, 1 row affected (0.029 sec)

MariaDB [datatype]> INSERT INTO prim_demo(name) VALUES("Dhairya G");
Query OK, 1 row affected (0.044 sec)

MariaDB [datatype]> create table primary2_demo (id integer primary key auto_increment,name varchar(50));
Query OK, 0 rows affected (0.042 sec)

MariaDB [datatype]> insert into primary2_demo(name) values ("dhairya agrawal");
Query OK, 1 row affected (0.034 sec)

MariaDB [datatype]> insert into primary2_demo(id, name) values (4,"dhairya agrawal");
Query OK, 1 row affected (0.003 sec)

MariaDB [datatype]> insert into primary2_demo(name) values ("dhairya agrawal");
Query OK, 1 row affected (0.023 sec)











//Adding many data in columns of a single table in one code


MariaDB [(none)]> create database exam;
Query OK, 1 row affected (0.002 sec)

MariaDB [(none)]> use exam;
Database changed
MariaDB [exam]> create table student(s_id integer primary key auto_increment,s_name varchar(30),s_add varchar(30),addmission_date date,addmission_time time,fees float,scholarship decimal(5,3), choices enum("science","commerce","arts"),is_married boolean, short_name char(3),description text,final_data json);
Query OK, 0 rows affected (0.044 sec)

MariaDB [exam]> describe student;
+-----------------+-----------------------------------+------+-----+---------+----------------+
| Field           | Type                              | Null | Key | Default | Extra          |
+-----------------+-----------------------------------+------+-----+---------+----------------+
| s_id            | int(11)                           | NO   | PRI | NULL    | auto_increment |
| s_name          | varchar(30)                       | YES  |     | NULL    |                |
| s_add           | varchar(30)                       | YES  |     | NULL    |                |
| addmission_date | date                              | YES  |     | NULL    |                |
| addmission_time | time                              | YES  |     | NULL    |                |
| fees            | float                             | YES  |     | NULL    |                |
| scholarship     | decimal(5,3)                      | YES  |     | NULL    |                |
| choices         | enum('science','commerce','arts') | YES  |     | NULL    |                |
| is_married      | tinyint(1)                        | YES  |     | NULL    |                |
| short_name      | char(3)                           | YES  |     | NULL    |                |
| description     | text                              | YES  |     | NULL    |                |
| final_data      | longtext                          | YES  |     | NULL    |                |
+-----------------+-----------------------------------+------+-----+---------+----------------+
12 rows in set (0.059 sec)

MariaDB [exam]> insert into student(s_name,s_add,addmission_date,addmission_time,fees,scholarship,choices,is_married,short_name,description,final_data) values ("Dhairya Agrawal","Birtamode","2026-01-27","19:05",50000,20.500,"science",False,"DA","My name is Dhairya Agrawal. I am 16 year old",'{"s_id":"1", "s_name":"Dhairya Agrawal","s_add":"Birtamode","fees":"50000","is_married":"false","short_name":"DA"}');
Query OK, 1 row affected (0.043 sec)











C:\Users\LENOVO>cd /

C:\>xampp\mysql\bin
'xampp\mysql\bin' is not recognized as an internal or external command,
operable program or batch file.

C:\>cd xampp\mysql\bin

C:\xampp\mysql\bin>mysql -u root
Welcome to the MariaDB monitor.  Commands end with ; or \g.
Your MariaDB connection id is 258
Server version: 10.4.32-MariaDB mariadb.org binary distribution

Copyright (c) 2000, 2018, Oracle, MariaDB Corporation Ab and others.

Type 'help;' or '\h' for help. Type '\c' to clear the current input statement.

MariaDB [(none)]> use exam;
Database changed

MariaDB [exam]> insert into student(s_name,s_add,addmission_date,addmission_time,fees,scholarship,choices,is_married,short_name,description,final_data) values ("Dhairya Agrawal","Birtamode","2026-01-27","19:05",50000,20.500,"science",False,"DA","My name is Dhairya Agrawal. I am 16 year old",'{"s_id":"1", "s_name":"Dhairya Agrawal","s_add":"Birtamode","fees":"50000","is_married":"false","short_name":"DA"}'),("Sahil Agrawal","Birtamode","2026-01-27","20:45",80000,12.500,"science",True,"SA","My name is Sahil Agrawal. I am 15 year old",'{"s_id":"2", "s_name":"Sahil Agrawal","s_add":"Birtamode","fees":"80000","is_married":"true","short_name":"SA"}'),("Nayan Pathak","Birtamode","2026-01-27","20:48",100000,13.670,"science",False,"NP","My name is Nayan Pathak. I am 22 year old",'{"s_id":"3", "s_name":"Nayan Pathak","s_add":"Birtamode","fees":"100000","is_married":"false","short_name":"NP"}');
Query OK, 3 rows affected (0.004 sec)
Records: 3  Duplicates: 0  Warnings: 0





















Microsoft Windows [Version 10.0.26100.7462]
(c) Microsoft Corporation. All rights reserved.

C:\Windows\System32>cd /

C:\>cd xampp\mysql\bin

C:\xampp\mysql\bin>mysql -u root
ERROR 2002 (HY000): Can't connect to MySQL server on 'localhost' (10061)

C:\xampp\mysql\bin>mysql -u root
Welcome to the MariaDB monitor.  Commands end with ; or \g.
Your MariaDB connection id is 8
Server version: 10.4.32-MariaDB mariadb.org binary distribution

Copyright (c) 2000, 2018, Oracle, MariaDB Corporation Ab and others.

Type 'help;' or '\h' for help. Type '\c' to clear the current input statement.

MariaDB [(none)]>
MariaDB [(none)]> show databases;
+--------------------+
| Database           |
+--------------------+
| datatype           |
| exam               |
| information_schema |
| mysql              |
| performance_schema |
| phpmyadmin         |
| test               |
+--------------------+
7 rows in set (0.002 sec)

MariaDB [(none)]> use datatype;
Database changed
MariaDB [datatype]> show tables;
+--------------------+
| Tables_in_datatype |
+--------------------+
| enum_demo          |
| hehe               |
| json_demo          |
| prim_demo          |
| primary2_demo      |
+--------------------+
5 rows in set (0.001 sec)

MariaDB [datatype]> select id, name FROM prim_demo WHERE name="Nayan Pathak";
+----+--------------+
| id | name         |
+----+--------------+
|  1 | Nayan Pathak |
+----+--------------+
1 row in set (0.001 sec)

MariaDB [datatype]> select id, name FROM prim_demo WHERE name="Dhairya G";
+-----+-----------+
| id  | name      |
+-----+-----------+
|   3 | Dhairya G |
|  99 | Dhairya G |
| 100 | Dhairya G |
+-----+-----------+
3 rows in set (0.001 sec)

MariaDB [datatype]> select id, name FROM prim_demo WHERE id=99;
+----+-----------+
| id | name      |
+----+-----------+
| 99 | Dhairya G |
+----+-----------+
1 row in set (0.001 sec)

MariaDB [datatype]> select id, name, TodayDate from prim_demo;
+-----+--------------+---------------------+
| id  | name         | TodayDate           |
+-----+--------------+---------------------+
|   1 | Nayan Pathak | 2026-01-28 18:36:22 |
|   2 | Sahil G      | 2026-01-28 18:37:07 |
|   3 | Dhairya G    | 2026-01-28 18:37:19 |
|  99 | Dhairya G    | 2026-01-28 18:38:44 |
| 100 | Dhairya G    | 2026-01-28 18:39:11 |
+-----+--------------+---------------------+
5 rows in set (0.001 sec)

MariaDB [datatype]> select *  from prim_demo;e
+-----+--------------+---------------------+
| id  | name         | TodayDate           |
+-----+--------------+---------------------+
|   1 | Nayan Pathak | 2026-01-28 18:36:22 |
|   2 | Sahil G      | 2026-01-28 18:37:07 |
|   3 | Dhairya G    | 2026-01-28 18:37:19 |
|  99 | Dhairya G    | 2026-01-28 18:38:44 |
| 100 | Dhairya G    | 2026-01-28 18:39:11 |
+-----+--------------+---------------------+
5 rows in set (0.001 sec)

    -> ;
ERROR 1064 (42000): You have an error in your SQL syntax; check the manual that corresponds to your MariaDB server version for the right syntax to use near 'e' at line 1
MariaDB [datatype]> create database select_query;
Query OK, 1 row affected (0.037 sec)

MariaDB [datatype]> use select_query;
Database changed
MariaDB [select_query]> create table first_data(id integer, name varchar(22), email varchar(33), salary float, address varchar(22), age integer, short_name char(2), isMarried boolean);
Query OK, 0 rows affected (0.049 sec)

MariaDB [select_query]> DESCRIBE first_data;
+------------+-------------+------+-----+---------+-------+
| Field      | Type        | Null | Key | Default | Extra |
+------------+-------------+------+-----+---------+-------+
| id         | int(11)     | YES  |     | NULL    |       |
| name       | varchar(22) | YES  |     | NULL    |       |
| email      | varchar(33) | YES  |     | NULL    |       |
| salary     | float       | YES  |     | NULL    |       |
| address    | varchar(22) | YES  |     | NULL    |       |
| age        | int(11)     | YES  |     | NULL    |       |
| short_name | char(2)     | YES  |     | NULL    |       |
| isMarried  | tinyint(1)  | YES  |     | NULL    |       |
+------------+-------------+------+-----+---------+-------+
8 rows in set (0.058 sec)

MariaDB [select_query]> INSERT INTO first_data VALUES(101, "Nayan Pathak", "nayan@gmail.com", 33567.23, "Birtamode", 24, "NP", True), (102, "Sahil Agrawal", "sahil@hehe.com", 235235.1, "Kanyam", 16, "SA", false), (103, "Dhairya Agrawal", "dhairya@huhu.com", 3241.32, "Bangalore", 34, "DA", 0);
Query OK, 3 rows affected (0.042 sec)
Records: 3  Duplicates: 0  Warnings: 0

MariaDB [select_query]> SELECT * FROM first_data;
+------+-----------------+------------------+---------+-----------+------+------------+-----------+
| id   | name            | email            | salary  | address   | age  | short_name | isMarried |
+------+-----------------+------------------+---------+-----------+------+------------+-----------+
|  101 | Nayan Pathak    | nayan@gmail.com  | 33567.2 | Birtamode |   24 | NP         |         1 |
|  102 | Sahil Agrawal   | sahil@hehe.com   |  235235 | Kanyam    |   16 | SA         |         0 |
|  103 | Dhairya Agrawal | dhairya@huhu.com | 3241.32 | Bangalore |   34 | DA         |         0 |
+------+-----------------+------------------+---------+-----------+------+------------+-----------+
3 rows in set (0.001 sec)

MariaDB [select_query]> SELECT name FROM first_data WHERE salary>20000;
+---------------+
| name          |
+---------------+
| Nayan Pathak  |
| Sahil Agrawal |
+---------------+
2 rows in set (0.001 sec)

MariaDB [select_query]> SELECT name FROM first_data WHERE salary<20000;
+-----------------+
| name            |
+-----------------+
| Dhairya Agrawal |
+-----------------+
1 row in set (0.001 sec)

MariaDB [select_query]> SELECT id, name, email from first_data where isMarried=true;
+------+--------------+-----------------+
| id   | name         | email           |
+------+--------------+-----------------+
|  101 | Nayan Pathak | nayan@gmail.com |
+------+--------------+-----------------+
1 row in set (0.001 sec)

MariaDB [select_query]> SELECT id, name, email from first_data where isMarried=false;
+------+-----------------+------------------+
| id   | name            | email            |
+------+-----------------+------------------+
|  102 | Sahil Agrawal   | sahil@hehe.com   |
|  103 | Dhairya Agrawal | dhairya@huhu.com |
+------+-----------------+------------------+
2 rows in set (0.001 sec)

MariaDB [select_query]> SELECT id, name, email from first_data where isMarried=0;
+------+-----------------+------------------+
| id   | name            | email            |
+------+-----------------+------------------+
|  102 | Sahil Agrawal   | sahil@hehe.com   |
|  103 | Dhairya Agrawal | dhairya@huhu.com |
+------+-----------------+------------------+
2 rows in set (0.001 sec)

MariaDB [select_query]> SELECT id, name, email from first_data where address="Birtamode";
+------+--------------+-----------------+
| id   | name         | email           |
+------+--------------+-----------------+
|  101 | Nayan Pathak | nayan@gmail.com |
+------+--------------+-----------------+
1 row in set (0.001 sec)

MariaDB [select_query]> INSERT INTO first_data VALUES
    -> (104, "Aarav Karki", "aarav.karki@gmail.com", 45000.50, "Kathmandu", 28, "AK", TRUE),
    -> (105, "Suman Thapa", "suman.thapa@gmail.com", 32000.00, "Pokhara", 31, "ST", FALSE),
    -> (106, "Rohit Bhandari", "rohit.b@gmail.com", 28000.75, "Butwal", 25, "RB", 1),
    -> (107, "Prakash Adhikari", "prakash.a@gmail.com", 67000.10, "Biratnagar", 39, "PA", 0),
    -> (108, "Nischal Sharma", "nischal.s@gmail.com", 39000.00, "Dharan", 27, "NS", TRUE),
    -> (109, "Kiran Poudel", "kiran.p@gmail.com", 22000.40, "Baglung", 22, "KP", FALSE),
    -> (110, "Bikash Shrestha", "bikash.s@gmail.com", 52000.90, "Lalitpur", 35, "BS", 1),
    -> (111, "Anil Ghimire", "anil.g@gmail.com", 31000.00, "Gorkha", 29, "AG", 0),
    -> (112, "Sagar KC", "sagar.kc@gmail.com", 48000.60, "Nepalgunj", 33, "SK", TRUE),
    -> (113, "Dipesh Chaudhary", "dipesh.c@gmail.com", 26000.25, "Birgunj", 24, "DC", FALSE),
    -> (114, "Ramesh Yadav", "ramesh.y@gmail.com", 29000.00, "Janakpur", 26, "RY", 1),
    -> (115, "Santosh Rana", "santosh.r@gmail.com", 34000.80, "Dang", 32, "SR", 0),
    -> (116, "Manish Joshi", "manish.j@gmail.com", 61000.45, "Dhangadhi", 41, "MJ", TRUE),
    -> (117, "Bibek Basnet", "bibek.b@gmail.com", 37000.00, "Ilam", 30, "BB", FALSE),
    -> (118, "Utsav Subedi", "utsav.s@gmail.com", 44000.00, "Chitwan", 27, "US", 1),
    -> (119, "Rajan Lama", "rajan.l@gmail.com", 23000.60, "Sindhupalchok", 23, "RL", 0),
    -> (120, "Nabin Rai", "nabin.r@gmail.com", 55000.20, "Dhankuta", 36, "NR", TRUE),
    -> (121, "Pawan Magar", "pawan.m@gmail.com", 30000.00, "Rolpa", 28, "PM", FALSE),
    -> (122, "Sujan Tamang", "sujan.t@gmail.com", 27000.90, "Rasuwa", 21, "ST", 1),
    -> (123, "Deepak Khadka", "deepak.k@gmail.com", 46000.00, "Hetauda", 34, "DK", 0),
    -> (124, "Alok Pandey", "alok.p@gmail.com", 72000.75, "Bhaktapur", 42, "AP", TRUE),
    -> (125, "Roshan Acharya", "roshan.a@gmail.com", 36000.00, "Tansen", 29, "RA", FALSE),
    -> (126, "Prabin Koirala", "prabin.k@gmail.com", 51000.50, "Birendranagar", 37, "PK", 1),
    -> (127, "Hemant Bohara", "hemant.b@gmail.com", 25000.00, "Bajhang", 24, "HB", 0),
    -> (128, "Amit Shahi", "amit.s@gmail.com", 58000.30, "Dadeldhura", 38, "AS", TRUE),
    -> (129, "Lokesh Gurung", "lokesh.g@gmail.com", 41000.00, "Lamjung", 31, "LG", FALSE),
    -> (130, "Nitesh Regmi", "nitesh.r@gmail.com", 33000.10, "Arghakhanchi", 26, "NR", 1),
    -> (131, "Suraj Oli", "suraj.o@gmail.com", 29500.00, "Kapilvastu", 27, "SO", 0),
    -> (132, "Yogesh Mishra", "yogesh.m@gmail.com", 62000.00, "Bhairahawa", 40, "YM", TRUE),
    -> (133, "Aashish Baral", "aashish.b@gmail.com", 47000.80, "Parasi", 33, "AB", FALSE);
Query OK, 30 rows affected (0.049 sec)
Records: 30  Duplicates: 0  Warnings: 0

MariaDB [select_query]> SELECT name from first_data where salary<20000;
+-----------------+
| name            |
+-----------------+
| Dhairya Agrawal |
+-----------------+
1 row in set (0.001 sec)

MariaDB [select_query]> SELECT name from first_data where salary<30000;
+------------------+
| name             |
+------------------+
| Dhairya Agrawal  |
| Rohit Bhandari   |
| Kiran Poudel     |
| Dipesh Chaudhary |
| Ramesh Yadav     |
| Rajan Lama       |
| Sujan Tamang     |
| Hemant Bohara    |
| Suraj Oli        |
+------------------+
9 rows in set (0.001 sec)

MariaDB [select_query]> SELECT name from first_data where address="Ilam";
+--------------+
| name         |
+--------------+
| Bibek Basnet |
+--------------+
1 row in set (0.001 sec)

MariaDB [select_query]> SELECT name from first_data where isMarried=1;
+-----------------+
| name            |
+-----------------+
| Nayan Pathak    |
| Aarav Karki     |
| Rohit Bhandari  |
| Nischal Sharma  |
| Bikash Shrestha |
| Sagar KC        |
| Ramesh Yadav    |
| Manish Joshi    |
| Utsav Subedi    |
| Nabin Rai       |
| Sujan Tamang    |
| Alok Pandey     |
| Prabin Koirala  |
| Amit Shahi      |
| Nitesh Regmi    |
| Yogesh Mishra   |
+-----------------+
16 rows in set (0.001 sec)

MariaDB [select_query]> SELECT name from first_data where age>40;
+--------------+
| name         |
+--------------+
| Manish Joshi |
| Alok Pandey  |
+--------------+
2 rows in set (0.001 sec)

MariaDB [select_query]> SELECT name from first_data where age=40;
+---------------+
| name          |
+---------------+
| Yogesh Mishra |
+---------------+
1 row in set (0.001 sec)

MariaDB [select_query]> SELECT name from first_data where age=MAX(age);
ERROR 1111 (HY000): Invalid use of group function
MariaDB [select_query]> SELECT name from first_data where short_name="NP";
+--------------+
| name         |
+--------------+
| Nayan Pathak |
+--------------+
1 row in set (0.001 sec)






















MariaDB [select_query]> drop table first_data;
Query OK, 0 rows affected (0.034 sec)

MariaDB [select_query]> create table first_data (id integer, name varchar(50), age integer, salary float, is_married boolean, short_name char(3), joined_date date);
Query OK, 0 rows affected (0.053 sec)

MariaDB [select_query]> insert into first_data values (1,"Dhairya Agrawal", 16, 123456.76532, True, "DA"," 2026-01-12"), (3,"Nayan Pathak", 22, 123983.23,False, "NP"," 2025-11-11"),(4,"Sahil Agrawal", 15, 6748.32, False, "SA", "2025-09-13"),(7,"Ram",21,123452.23,True,"RRR", "2026-12-12");
Query OK, 4 rows affected (0.027 sec)
Records: 4  Duplicates: 0  Warnings: 0